
> pi-fabric-pair@0.1.0 test
> node --test tests/*.test.js

✔ disabled Pair and read-only Fabric profiles reject before inference or effects (295.565083ms)
✔ overlapping writers are rejected, even when the first writer is awaiting review (607.791042ms)
✔ an independent worktree does not enable deferred parallel-writer activation (625.167167ms)
✔ an idle worker session is materialized and reopens without model inference (442.561833ms)
✔ missing native compaction blocks worker startup; conversation is not silently re-created (215.42875ms)
✔ Prewalk re-enabled after startup blocks the next dispatch before inference (337.470625ms)
✔ failed state initialization releases its ownership lock (121.026041ms)
✔ same Main session cannot be attached to two concurrent controllers (129.86625ms)
✔ malformed worker report is quarantined and interrupts, not endlessly re-read (345.970208ms)
✔ changed worker settings wait for task completion and keep its session afterward (495.424083ms)
✔ soft output budget stops further worker inference without resetting its session (333.913084ms)
✔ config rejects unknown nested keys and prototype-inherited IDs (0.287083ms)
✔ evidence rejects a tracked file reached through a symlinked directory ancestor (184.460542ms)
✔ configured verification cannot certify source that it changes (420.471709ms)
✔ cancel interrupts controller verification without waiting for its full timeout (411.33575ms)
✔ a missing completed worker session is never replaced by a blank conversation (449.815ms)
✔ final-only supervision executes one whole-plan assignment and requires final acceptance (482.020459ms)
✔ two-step handoff retains one PID/session; completion does not stop the worker (1306.127333ms)
✔ question yields; answer resumes the same conversation automatically (799.940167ms)
✔ idempotent dispatch and decisions do not create another run (541.514542ms)
✔ approvals require evidence inspection and reject a changed workspace (533.433792ms)
✔ native compaction command preserves worker identity and task-state restoration (743.968333ms)
✔ Fovea-like continuation after a report cannot write (595.96075ms)
✔ failed configured checks block approval (658.594291ms)
✔ revision limit stops repeated rework without resetting a session (629.93475ms)
✔ worker permission dialogs are forwarded and explicitly answered (439.442541ms)
✔ prose-only completion becomes attention-needed rather than an automatic replay (496.365ms)
✔ cancel retains the process and closes authorization (286.264959ms)
✔ controller restart reopens stored conversation but does not replay work (516.778ms)
✔ stale reports from a superseded lease are archived without corrupting a new task (627.863042ms)
✔ native JSONC inspection preserves URLs/escaped strings and handles trailing commas (0.779916ms)
✔ prototype pollution keys and traversal IDs are rejected (0.260583ms)
✔ schema validates work orders and enforces unique steps and bounded payloads (0.2855ms)
✔ question must contain an actual question; approval must bind a hash (0.110833ms)
✔ settings reject invalid limits, duplicate workers and unknown top-level options (0.264ms)
✔ Pi usage normalization sums uncached input, cache reads, and cache writes (0.1155ms)
✔ invalid usage does not fabricate negative token counts or known prices (0.051666ms)
✔ tool gate blocks all work without a lease and after a report (0.110375ms)
✔ read-only gate classifies replayed Fabric calls and refuses shell/delegation (0.305875ms)
✔ explicit detached shell requests are identified before execution (0.1055ms)
✔ writers also cannot recursively delegate (0.044625ms)
✔ indicators show readiness, not guaranteed cache warmth (0.06425ms)
✔ terminal control sequences are removed from worker UI text (0.086292ms)
✔ extension source selection does not mistake skills/prompts for extensions (0.112667ms)
✔ readiness fails closed for missing extensions, ephemeral sessions and enabled Prewalk (0.181ms)
✔ extension factory registers resources synchronously without spawning a process (0.681125ms)
✔ Main registers separate Pair controls without replacing native UI or /model (162.494167ms)
✔ indicator off/minimal is rendering only, including while a worker is running (393.842292ms)
✔ Main receives reports in its existing session as follow-ups, not a model switch (655.720917ms)
✔ Main native compaction restores only coordination state without starting a turn (620.303334ms)
✔ Main missing required Fovea refuses dispatch before creating a worker (143.845083ms)
✔ Main direct edit gate applies only while a Pair task is active (536.323125ms)
✔ hiding the indicator does not change repository evidence or stale an approval (553.6345ms)
✔ JSONL transport preserves UTF-8 split across individual bytes (300.312583ms)
✔ RPC rejects unknown commands without restarting the session (307.736042ms)
✔ acknowledgement timeout is explicitly uncertain and clears pending requests (396.351583ms)
✔ malformed stdout faults the transport rather than interpreting it as a report (283.285209ms)
✔ unexpected process exit rejects pending commands (264.122958ms)
✔ stop closes owned child process cleanly and is idempotent (287.838667ms)
ℹ tests 59
ℹ suites 0
ℹ pass 59
ℹ fail 0
ℹ cancelled 0
ℹ skipped 0
ℹ todo 0
ℹ duration_ms 8236.633459
